<generatedTop>
  <k>
    #module (... types: #type (... type: [ i32  .ValTypes ] -> [ i32  .ValTypes ] , metadata:  )  .EmptyStmts , funcs: #func (... type: 0 , locals: [ .ValTypes ] , body: i32 . const 1  i32 . const 1  #table.get ( 0 )  #table.set ( 0 )  #table.size ( 0 )  drop  i32 . const 1  #table.get ( 0 )  i32 . const 10  #table.grow ( 0 )  drop  i32 . const 10  i32 . const 1  #table.get ( 0 )  i32 . const 10  #table.fill ( 0 )  i32 . const 1  i32 . const 1  i32 . const 1  #table.copy ( 0 , 1 )  i32 . const 1  i32 . const 1  i32 . const 1  #table.init ( 0 , 1 )  #elem.drop ( 0 )  i32 . const 1  return  .EmptyStmts , metadata: #meta (... id:  , localIds: .Map ) )  .EmptyStmts , tables: #table (... limits: #limitsMin ( 2 ) , type: funcref , metadata:  )  #table (... limits: #limitsMin ( 2 ) , type: funcref , metadata:  )  .EmptyStmts , mems: .EmptyStmts , globals: .EmptyStmts , elem: #elem (... type: funcref , elemSegment: ListItem ( < funcref > 0 ) , mode: #elemActive (... table: 0 , offset: i32 . const 0  .EmptyStmts ) , oid:  )  #elem (... type: funcref , elemSegment: ListItem ( < funcref > 0 ) , mode: #elemActive (... table: 0 , offset: i32 . const 0  .EmptyStmts ) , oid:  )  .EmptyStmts , data: .EmptyStmts , start: .EmptyStmts , importDefns: .EmptyStmts , exports: .EmptyStmts , metadata: #meta (... id:  , funcIds: .Map , filename: .String ) ) ~> .K
  </k>
  <wasm>
    <instrs>
      .K
    </instrs>
    <valstack>
      .ValStack
    </valstack>
    <curFrame>
      <locals>
        .List
      </locals>
      <curModIdx>
        .Int
      </curModIdx>
    </curFrame>
    <moduleRegistry>
      .Map
    </moduleRegistry>
    <moduleIds>
      .Map
    </moduleIds>
    <moduleInstances>
      .ModuleInstCellMap
    </moduleInstances>
    <nextModuleIdx>
      0
    </nextModuleIdx>
    <mainStore>
      <funcs>
        .FuncDefCellMap
      </funcs>
      <nextFuncAddr>
        0
      </nextFuncAddr>
      <tabs>
        .TabInstCellMap
      </tabs>
      <nextTabAddr>
        0
      </nextTabAddr>
      <mems>
        .List
      </mems>
      <globals>
        .GlobalInstCellMap
      </globals>
      <nextGlobAddr>
        0
      </nextGlobAddr>
      <elems>
        .ElemInstCellMap
      </elems>
      <nextElemAddr>
        0
      </nextElemAddr>
    </mainStore>
    <deterministicMemoryGrowth>
      true
    </deterministicMemoryGrowth>
  </wasm>
</generatedTop>
