<generatedTop>
  <k>
    #module (... types: .EmptyStmts , funcs: .EmptyStmts , tables: .EmptyStmts , mems: .EmptyStmts , globals: .EmptyStmts , elem: .EmptyStmts , data: .EmptyStmts , start: .EmptyStmts , importDefns: #import ( env , myGlobal , #globalDesc (... id:  , type: const i32 ) )  .EmptyStmts , exports: .EmptyStmts , metadata: #meta (... id:  , funcIds: .Map , filename: .String ) ) ~> .K
  </k>
  <wasm>
    <instrs>
      .K
    </instrs>
    <valstack>
      .ValStack
    </valstack>
    <curFrame>
      <locals>
        .List
      </locals>
      <curModIdx>
        .Int
      </curModIdx>
    </curFrame>
    <moduleRegistry>
      .Map
    </moduleRegistry>
    <moduleIds>
      .Map
    </moduleIds>
    <moduleInstances>
      .ModuleInstCellMap
    </moduleInstances>
    <nextModuleIdx>
      0
    </nextModuleIdx>
    <mainStore>
      <funcs>
        .FuncDefCellMap
      </funcs>
      <nextFuncAddr>
        0
      </nextFuncAddr>
      <tabs>
        .TabInstCellMap
      </tabs>
      <nextTabAddr>
        0
      </nextTabAddr>
      <mems>
        .List
      </mems>
      <globals>
        .GlobalInstCellMap
      </globals>
      <nextGlobAddr>
        0
      </nextGlobAddr>
      <elems>
        .ElemInstCellMap
      </elems>
      <nextElemAddr>
        0
      </nextElemAddr>
    </mainStore>
    <deterministicMemoryGrowth>
      true
    </deterministicMemoryGrowth>
  </wasm>
</generatedTop>
